AR datapath datapath C:/Users/Gabriel/TESTEUMMILHAOEDOIS/BlocoDeDados.vhd sub00/vhpl13 1462595589
EN reg_bank NULL C:/Users/Gabriel/TESTEUMMILHAOEDOIS/BancoRegistradores.vhd sub00/vhpl03 1462599878
AR uart uart C:/Users/Gabriel/TESTEUMMILHAOEDOIS/UART.vhd sub00/vhpl23 1462595599
EN datapath NULL C:/Users/Gabriel/TESTEUMMILHAOEDOIS/BlocoDeDados.vhd sub00/vhpl12 1462599887
AR reg_bank reg_bank C:/Users/Gabriel/TESTEUMMILHAOEDOIS/BancoRegistradores.vhd sub00/vhpl04 1462599879
AR buff buff C:/Users/Gabriel/TESTEUMMILHAOEDOIS/BUFFER.vhd sub00/vhpl08 1462599883
AR control_unit control_unit C:/Users/Gabriel/TESTEUMMILHAOEDOIS/BlocoDeControle.vhd sub00/vhpl15 1462595591
EN mr2 NULL C:/Users/Gabriel/TESTEUMMILHAOEDOIS/mr2.vhd sub00/vhpl20 1462595596
EN regnbit NULL C:/Users/Gabriel/TESTEUMMILHAOEDOIS/RegN_Bits.vhd sub00/vhpl01 1462599876
AR alu alu C:/Users/Gabriel/TESTEUMMILHAOEDOIS/ULA.vhd sub00/vhpl06 1462599881
PH p_mr2 NULL C:/Users/Gabriel/TESTEUMMILHAOEDOIS/PacoteMR2.vhd sub00/vhpl00 1462599875
PH estadosserial NULL C:/Users/Gabriel/TESTEUMMILHAOEDOIS/BUFFER.vhd sub00/vhpl09 1462599884
AR mr2 mr2 C:/Users/Gabriel/TESTEUMMILHAOEDOIS/mr2.vhd sub00/vhpl21 1462595597
EN cpu_tb1 NULL C:/Users/Gabriel/TESTEUMMILHAOEDOIS/TbMaquina1.vhd sub00/vhpl24 1462595600
AR regnbit regn C:/Users/Gabriel/TESTEUMMILHAOEDOIS/RegN_Bits.vhd sub00/vhpl02 1462599877
EN serial NULL C:/Users/Gabriel/TESTEUMMILHAOEDOIS/BUFFER.vhd sub00/vhpl10 1462599885
PH aux_functions NULL C:/Users/Gabriel/TESTEUMMILHAOEDOIS/aux_functions.vhd sub00/vhpl16 1462595592
EN ram_mem NULL C:/Users/Gabriel/TESTEUMMILHAOEDOIS/RAM.vhd sub00/vhpl18 1462595594
AR ram_mem ram_mem C:/Users/Gabriel/TESTEUMMILHAOEDOIS/RAM.vhd sub00/vhpl19 1462595595
EN buff NULL C:/Users/Gabriel/TESTEUMMILHAOEDOIS/BUFFER.vhd sub00/vhpl07 1462599882
EN control_unit NULL C:/Users/Gabriel/TESTEUMMILHAOEDOIS/BlocoDeControle.vhd sub00/vhpl14 1462595590
PB aux_functions aux_functions C:/Users/Gabriel/TESTEUMMILHAOEDOIS/aux_functions.vhd sub00/vhpl17 1462595593
EN uart NULL C:/Users/Gabriel/TESTEUMMILHAOEDOIS/UART.vhd sub00/vhpl22 1462595598
AR serial serial C:/Users/Gabriel/TESTEUMMILHAOEDOIS/BUFFER.vhd sub00/vhpl11 1462599886
EN alu NULL C:/Users/Gabriel/TESTEUMMILHAOEDOIS/ULA.vhd sub00/vhpl05 1462599880
