V3 56
FL C:/Users/Gabriel/TESTEUMMILHAOEDOIS/aux_functions.vhd 2016/05/06.19:58:40 P.20131013
PH work/aux_functions 1462595592 \
      FL C:/Users/Gabriel/TESTEUMMILHAOEDOIS/aux_functions.vhd \
      PB ieee/std_logic_1164 1381692176
PB work/aux_functions 1462595593 \
      FL C:/Users/Gabriel/TESTEUMMILHAOEDOIS/aux_functions.vhd \
      PH work/aux_functions 1462595592
FL C:/Users/Gabriel/TESTEUMMILHAOEDOIS/BancoRegistradores.vhd 2011/09/27.11:31:44 P.20131013
EN work/reg_bank 1462599878 \
      FL C:/Users/Gabriel/TESTEUMMILHAOEDOIS/BancoRegistradores.vhd \
      PB ieee/std_logic_1164 1381692176 PB ieee/STD_LOGIC_UNSIGNED 1381692179 \
      PH work/p_MR2 1462599875
AR work/reg_bank/reg_bank 1462599879 \
      FL C:/Users/Gabriel/TESTEUMMILHAOEDOIS/BancoRegistradores.vhd \
      EN work/reg_bank 1462599878 CP work/regnbit
FL C:/Users/Gabriel/TESTEUMMILHAOEDOIS/BlocoDeControle.vhd 2016/05/05.14:54:17 P.20131013
EN work/control_unit 1462595590 \
      FL C:/Users/Gabriel/TESTEUMMILHAOEDOIS/BlocoDeControle.vhd \
      PB ieee/std_logic_1164 1381692176 PH work/p_MR2 1462599875
AR work/control_unit/control_unit 1462595591 \
      FL C:/Users/Gabriel/TESTEUMMILHAOEDOIS/BlocoDeControle.vhd \
      EN work/control_unit 1462595590
FL C:/Users/Gabriel/TESTEUMMILHAOEDOIS/BlocoDeDados.vhd 2016/05/07.01:28:43 P.20131013
EN work/datapath 1462595588 \
      FL C:/Users/Gabriel/TESTEUMMILHAOEDOIS/BlocoDeDados.vhd \
      PB ieee/std_logic_1164 1381692176 PB ieee/STD_LOGIC_SIGNED 1381692178 \
      PH work/p_MR2 1462599875
AR work/datapath/datapath 1462595589 \
      FL C:/Users/Gabriel/TESTEUMMILHAOEDOIS/BlocoDeDados.vhd EN work/datapath 1462595588 \
      CP work/regnbit CP work/reg_bank CP work/alu
FL C:/Users/Gabriel/TESTEUMMILHAOEDOIS/BUFFER.vhd 2016/05/06.16:01:07 P.20131013
EN work/BUFF 1462599882 FL C:/Users/Gabriel/TESTEUMMILHAOEDOIS/BUFFER.vhd \
      PB ieee/std_logic_1164 1381692176 PB ieee/STD_LOGIC_SIGNED 1381692178 \
      PB ieee/std_logic_arith 1381692177 PH work/p_MR2 1462599875
AR work/BUFF/BUFF 1462599883 \
      FL C:/Users/Gabriel/TESTEUMMILHAOEDOIS/BUFFER.vhd EN work/BUFF 1462599882
PH work/estadosSerial 1462599884 \
      FL C:/Users/Gabriel/TESTEUMMILHAOEDOIS/BUFFER.vhd PB ieee/std_logic_1164 1381692176
EN work/SERIAL 1462599885 \
      FL C:/Users/Gabriel/TESTEUMMILHAOEDOIS/BUFFER.vhd PB ieee/std_logic_1164 1381692176 \
      PH work/estadosSerial 1462599884
AR work/SERIAL/SERIAL 1462599886 \
      FL C:/Users/Gabriel/TESTEUMMILHAOEDOIS/BUFFER.vhd EN work/SERIAL 1462599885
FL C:/Users/Gabriel/TESTEUMMILHAOEDOIS/mr2.vhd 2016/05/06.20:51:31 P.20131013
EN work/MR2 1462595596 FL C:/Users/Gabriel/TESTEUMMILHAOEDOIS/mr2.vhd \
      PB ieee/std_logic_1164 1381692176 PH work/p_MR2 1462599875
AR work/MR2/MR2 1462595597 \
      FL C:/Users/Gabriel/TESTEUMMILHAOEDOIS/mr2.vhd EN work/MR2 1462595596 \
      CP work/datapath CP work/control_unit
FL C:/Users/Gabriel/TESTEUMMILHAOEDOIS/PacoteMR2.vhd 2016/05/06.20:14:31 P.20131013
PH work/p_MR2 1462599875 FL C:/Users/Gabriel/TESTEUMMILHAOEDOIS/PacoteMR2.vhd \
      PB ieee/std_logic_1164 1381692176
FL C:/Users/Gabriel/TESTEUMMILHAOEDOIS/RAM.vhd 2016/05/06.19:56:56 P.20131013
EN work/RAM_mem 1462595594 FL C:/Users/Gabriel/TESTEUMMILHAOEDOIS/RAM.vhd \
      PB ieee/std_logic_1164 1381692176 PB ieee/STD_LOGIC_UNSIGNED 1381692179 \
      PB work/aux_functions 1462595593
AR work/RAM_mem/RAM_mem 1462595595 \
      FL C:/Users/Gabriel/TESTEUMMILHAOEDOIS/RAM.vhd EN work/RAM_mem 1462595594
FL C:/Users/Gabriel/TESTEUMMILHAOEDOIS/RegN_Bits.vhd 2009/09/10.18:50:38 P.20131013
EN work/regnbit 1462599876 FL C:/Users/Gabriel/TESTEUMMILHAOEDOIS/RegN_Bits.vhd \
      PB ieee/std_logic_1164 1381692176
AR work/regnbit/regn 1462599877 \
      FL C:/Users/Gabriel/TESTEUMMILHAOEDOIS/RegN_Bits.vhd EN work/regnbit 1462599876
FL C:/Users/Gabriel/TESTEUMMILHAOEDOIS/TbMaquina1.vhd 2016/05/06.21:23:07 P.20131013
EN work/CPU_tb1 0 FL C:/Users/Gabriel/TESTEUMMILHAOEDOIS/TbMaquina1.vhd \
      PB ieee/std_logic_1164 1381692176 PB ieee/STD_LOGIC_UNSIGNED 1381692179 \
      PB std/TEXTIO 1381692176 PB work/aux_functions 1462595593
AR work/CPU_tb1/CPU_tb1 0 \
      FL C:/Users/Gabriel/TESTEUMMILHAOEDOIS/TbMaquina1.vhd EN work/CPU_tb1 0 \
      CP work/RAM_mem CP work/MR2 CP work/UART
FL C:/Users/Gabriel/TESTEUMMILHAOEDOIS/TbMaquina2.vhd 2016/05/06.21:22:57 P.20131013
EN work/CPU_tb2 0 FL C:/Users/Gabriel/TESTEUMMILHAOEDOIS/TbMaquina2.vhd \
      PB ieee/std_logic_1164 1381692176 PB ieee/STD_LOGIC_UNSIGNED 1381692179 \
      PB std/TEXTIO 1381692176 PB work/aux_functions 1462595593
AR work/CPU_tb2/CPU_tb2 0 \
      FL C:/Users/Gabriel/TESTEUMMILHAOEDOIS/TbMaquina2.vhd EN work/CPU_tb2 0 \
      CP work/RAM_mem CP work/MR2 CP work/UART
FL C:/Users/Gabriel/TESTEUMMILHAOEDOIS/TbTop.vhd 2016/05/06.20:22:26 P.20131013
EN work/TbTop 0 FL C:/Users/Gabriel/TESTEUMMILHAOEDOIS/TbTop.vhd \
      PB ieee/std_logic_1164 1381692176 PB ieee/STD_LOGIC_UNSIGNED 1381692179 \
      PB work/aux_functions 1462595593
AR work/TbTop/behavior 0 \
      FL C:/Users/Gabriel/TESTEUMMILHAOEDOIS/TbTop.vhd EN work/TbTop 0 \
      CP work/CPU_tb1 CP work/CPU_tb2
FL C:/Users/Gabriel/TESTEUMMILHAOEDOIS/UART.vhd 2016/05/06.21:17:50 P.20131013
EN work/UART 1462595598 FL C:/Users/Gabriel/TESTEUMMILHAOEDOIS/UART.vhd \
      PB ieee/std_logic_1164 1381692176 PB ieee/STD_LOGIC_SIGNED 1381692178 \
      PB ieee/std_logic_arith 1381692177 PH work/p_MR2 1462599875
AR work/UART/UART 1462595599 \
      FL C:/Users/Gabriel/TESTEUMMILHAOEDOIS/UART.vhd EN work/UART 1462595598 \
      CP work/BUFF CP work/SERIAL
FL C:/Users/Gabriel/TESTEUMMILHAOEDOIS/ULA.vhd 2011/09/27.11:31:06 P.20131013
EN work/alu 1462599880 FL C:/Users/Gabriel/TESTEUMMILHAOEDOIS/ULA.vhd \
      PB ieee/std_logic_1164 1381692176 PB ieee/STD_LOGIC_SIGNED 1381692178 \
      PB ieee/std_logic_arith 1381692177 PH work/p_MR2 1462599875
AR work/alu/alu 1462599881 \
      FL C:/Users/Gabriel/TESTEUMMILHAOEDOIS/ULA.vhd EN work/alu 1462599880 \
      PB ieee/STD_LOGIC_SIGNED 1381692178
